2026-09-10T19:08:33.990344+00:00 - ERROR: https://rodrigosimoes97.github.io/Pin/scientists-discover-hidden-problem-with-popular-sugar-substitute.html - HTTP 403: {
  "error": {
    "code": 403,
    "message": "Web Search Indexing API has not been used in project 711792695538 before or it is disabled. Enable it by visiting https://console.developers.google.com/apis/api/indexing.googleapis.com/overview?project=711792695538 then retry. If you enabled this API recently, wait a few minutes for the action to propagate to our systems and retry.",
    "status": "PERMISSION_DENIED",
    "details": [
      {
        "@type": "type.googleapis.com/google.rpc.ErrorInfo",
        "reason": "SERVICE_DISABLED",
        "domain": "googleapis.com",
        "metadata": {
          "service": "indexing.googleapis.com",
          "consumer": "projects/711792695538",
          "containerInfo": "711792695538",
          "activationUrl": "https://console.developers.google.com/apis/api/indexing.googleapis.com/overview?project=711792695538",
          "serviceTitle": "Web Search Indexing API"
        }
      },
      {
        "@type": "type.googleapis.com/google.rpc.LocalizedMessage",
        "locale": "en-US",
        "message": "Web Search Indexing API has not been used in project 711792695538 before or it is disabled. Enable it by visiting https://console.developers.google.com/apis/api/indexing.googleapis.com/overview?project=711792695538 then retry. If you enabled this API recently, wait a few minutes for the action to propagate to our systems and retry."
      },
      {
        "@type": "type.googleapis.com/google.rpc.Help",
        "links": [
          {
            "description": "Google developers console API activation",
            "url": "https://console.developers.google.com/apis/api/indexing.googleapis.com/overview?project=711792695538"
          }
        ]
      }
    ]
  }
}

2026-09-10T19:08:57.226617+00:00 - ERROR: https://rodrigosimoes97.github.io/Pin/lifestyle-program-improved-cognition-55-percent-more.html - HTTP 403: {
  "error": {
    "code": 403,
    "message": "Web Search Indexing API has not been used in project 711792695538 before or it is disabled. Enable it by visiting https://console.developers.google.com/apis/api/indexing.googleapis.com/overview?project=711792695538 then retry. If you enabled this API recently, wait a few minutes for the action to propagate to our systems and retry.",
    "status": "PERMISSION_DENIED",
    "details": [
      {
        "@type": "type.googleapis.com/google.rpc.ErrorInfo",
        "reason": "SERVICE_DISABLED",
        "domain": "googleapis.com",
        "metadata": {
          "serviceTitle": "Web Search Indexing API",
          "containerInfo": "711792695538",
          "service": "indexing.googleapis.com",
          "activationUrl": "https://console.developers.google.com/apis/api/indexing.googleapis.com/overview?project=711792695538",
          "consumer": "projects/711792695538"
        }
      },
      {
        "@type": "type.googleapis.com/google.rpc.LocalizedMessage",
        "locale": "en-US",
        "message": "Web Search Indexing API has not been used in project 711792695538 before or it is disabled. Enable it by visiting https://console.developers.google.com/apis/api/indexing.googleapis.com/overview?project=711792695538 then retry. If you enabled this API recently, wait a few minutes for the action to propagate to our systems and retry."
      },
      {
        "@type": "type.googleapis.com/google.rpc.Help",
        "links": [
          {
            "description": "Google developers console API activation",
            "url": "https://console.developers.google.com/apis/api/indexing.googleapis.com/overview?project=711792695538"
          }
        ]
      }
    ]
  }
}

2026-09-11T14:41:10.292525+00:00 - ERROR: https://rodrigosimoes97.github.io/Pin/one-sugary-drink-a-day-linked-to-more-than-double-the-risk-of-stomach-cancer.html - HTTP 403: {
  "error": {
    "code": 403,
    "message": "Web Search Indexing API has not been used in project 711792695538 before or it is disabled. Enable it by visiting https://console.developers.google.com/apis/api/indexing.googleapis.com/overview?project=711792695538 then retry. If you enabled this API recently, wait a few minutes for the action to propagate to our systems and retry.",
    "status": "PERMISSION_DENIED",
    "details": [
      {
        "@type": "type.googleapis.com/google.rpc.ErrorInfo",
        "reason": "SERVICE_DISABLED",
        "domain": "googleapis.com",
        "metadata": {
          "serviceTitle": "Web Search Indexing API",
          "activationUrl": "https://console.developers.google.com/apis/api/indexing.googleapis.com/overview?project=711792695538",
          "containerInfo": "711792695538",
          "service": "indexing.googleapis.com",
          "consumer": "projects/711792695538"
        }
      },
      {
        "@type": "type.googleapis.com/google.rpc.LocalizedMessage",
        "locale": "en-US",
        "message": "Web Search Indexing API has not been used in project 711792695538 before or it is disabled. Enable it by visiting https://console.developers.google.com/apis/api/indexing.googleapis.com/overview?project=711792695538 then retry. If you enabled this API recently, wait a few minutes for the action to propagate to our systems and retry."
      },
      {
        "@type": "type.googleapis.com/google.rpc.Help",
        "links": [
          {
            "description": "Google developers console API activation",
            "url": "https://console.developers.google.com/apis/api/indexing.googleapis.com/overview?project=711792695538"
          }
        ]
      }
    ]
  }
}

2026-09-11T14:42:04.499721+00:00 - ERROR: https://rodrigosimoes97.github.io/Pin/popular-brain-supplement-linked-to-shorter-lifespan-in-men.html - HTTP 403: {
  "error": {
    "code": 403,
    "message": "Web Search Indexing API has not been used in project 711792695538 before or it is disabled. Enable it by visiting https://console.developers.google.com/apis/api/indexing.googleapis.com/overview?project=711792695538 then retry. If you enabled this API recently, wait a few minutes for the action to propagate to our systems and retry.",
    "status": "PERMISSION_DENIED",
    "details": [
      {
        "@type": "type.googleapis.com/google.rpc.ErrorInfo",
        "reason": "SERVICE_DISABLED",
        "domain": "googleapis.com",
        "metadata": {
          "activationUrl": "https://console.developers.google.com/apis/api/indexing.googleapis.com/overview?project=711792695538",
          "serviceTitle": "Web Search Indexing API",
          "service": "indexing.googleapis.com",
          "containerInfo": "711792695538",
          "consumer": "projects/711792695538"
        }
      },
      {
        "@type": "type.googleapis.com/google.rpc.LocalizedMessage",
        "locale": "en-US",
        "message": "Web Search Indexing API has not been used in project 711792695538 before or it is disabled. Enable it by visiting https://console.developers.google.com/apis/api/indexing.googleapis.com/overview?project=711792695538 then retry. If you enabled this API recently, wait a few minutes for the action to propagate to our systems and retry."
      },
      {
        "@type": "type.googleapis.com/google.rpc.Help",
        "links": [
          {
            "description": "Google developers console API activation",
            "url": "https://console.developers.google.com/apis/api/indexing.googleapis.com/overview?project=711792695538"
          }
        ]
      }
    ]
  }
}

2026-09-11T14:42:43.560888+00:00 - ERROR: https://rodrigosimoes97.github.io/Pin/compound-in-blueberries-may-help-muscle-cells-burn-excess-fat.html - HTTP 403: {
  "error": {
    "code": 403,
    "message": "Web Search Indexing API has not been used in project 711792695538 before or it is disabled. Enable it by visiting https://console.developers.google.com/apis/api/indexing.googleapis.com/overview?project=711792695538 then retry. If you enabled this API recently, wait a few minutes for the action to propagate to our systems and retry.",
    "status": "PERMISSION_DENIED",
    "details": [
      {
        "@type": "type.googleapis.com/google.rpc.ErrorInfo",
        "reason": "SERVICE_DISABLED",
        "domain": "googleapis.com",
        "metadata": {
          "activationUrl": "https://console.developers.google.com/apis/api/indexing.googleapis.com/overview?project=711792695538",
          "containerInfo": "711792695538",
          "serviceTitle": "Web Search Indexing API",
          "service": "indexing.googleapis.com",
          "consumer": "projects/711792695538"
        }
      },
      {
        "@type": "type.googleapis.com/google.rpc.LocalizedMessage",
        "locale": "en-US",
        "message": "Web Search Indexing API has not been used in project 711792695538 before or it is disabled. Enable it by visiting https://console.developers.google.com/apis/api/indexing.googleapis.com/overview?project=711792695538 then retry. If you enabled this API recently, wait a few minutes for the action to propagate to our systems and retry."
      },
      {
        "@type": "type.googleapis.com/google.rpc.Help",
        "links": [
          {
            "description": "Google developers console API activation",
            "url": "https://console.developers.google.com/apis/api/indexing.googleapis.com/overview?project=711792695538"
          }
        ]
      }
    ]
  }
}

2026-09-14T16:25:01.357384+00:00 - ERROR: https://rodrigosimoes97.github.io/Pin/3-practical-ways-pediatric-hospital-shortages-stress.html - HTTP 403: {
  "error": {
    "code": 403,
    "message": "Permission denied. Failed to verify the URL ownership.",
    "status": "PERMISSION_DENIED"
  }
}

2026-09-14T16:25:14.221682+00:00 - ERROR: https://rodrigosimoes97.github.io/Pin/scientists-discover-strange-link-between-low-vitamin-d-and-pain.html - HTTP 403: {
  "error": {
    "code": 403,
    "message": "Permission denied. Failed to verify the URL ownership.",
    "status": "PERMISSION_DENIED"
  }
}

2026-09-15T15:05:02.550988+00:00 - ERROR: https://rodrigosimoes97.github.io/Pin/gantenerumab-fails-to-slow-alzheimers-memory-loss.html - HTTP 403: {
  "error": {
    "code": 403,
    "message": "Permission denied. Failed to verify the URL ownership.",
    "status": "PERMISSION_DENIED"
  }
}

2026-09-15T15:05:33.642066+00:00 - ERROR: https://rodrigosimoes97.github.io/Pin/scientists-find-ozempic-may-slow-aging-itself-practical-guide.html - HTTP 403: {
  "error": {
    "code": 403,
    "message": "Permission denied. Failed to verify the URL ownership.",
    "status": "PERMISSION_DENIED"
  }
}

2026-09-15T15:05:54.224862+00:00 - ERROR: https://rodrigosimoes97.github.io/Pin/stop-overcomplicating-the-corporate-playbook-behind-undermining-dietary-guidelin.html - HTTP 403: {
  "error": {
    "code": 403,
    "message": "Permission denied. Failed to verify the URL ownership.",
    "status": "PERMISSION_DENIED"
  }
}

2026-09-16T15:01:37.195511+00:00 - ERROR: https://rodrigosimoes97.github.io/Pin/what-nobody-tells-you-about-the-whole-grain-sweet-spot.html - HTTP 403: {
  "error": {
    "code": 403,
    "message": "Permission denied. Failed to verify the URL ownership.",
    "status": "PERMISSION_DENIED"
  }
}

2026-09-16T15:01:49.997710+00:00 - ERROR: https://rodrigosimoes97.github.io/Pin/ultra-processed-foods-linked-to-hidden-muscle-fat-that-may-threaten-your-knees.html - HTTP 403: {
  "error": {
    "code": 403,
    "message": "Permission denied. Failed to verify the URL ownership.",
    "status": "PERMISSION_DENIED"
  }
}

2026-09-16T15:02:03.557031+00:00 - ERROR: https://rodrigosimoes97.github.io/Pin/struggling-with-gym-fatigue-how-smelling-chocolate-boosted-my-workout-reps.html - HTTP 403: {
  "error": {
    "code": 403,
    "message": "Permission denied. Failed to verify the URL ownership.",
    "status": "PERMISSION_DENIED"
  }
}

2026-09-16T15:02:16.725186+00:00 - ERROR: https://rodrigosimoes97.github.io/Pin/fix-a-hidden-compound-in-healthy-foods-may-worsen-ibd.html - HTTP 403: {
  "error": {
    "code": 403,
    "message": "Permission denied. Failed to verify the URL ownership.",
    "status": "PERMISSION_DENIED"
  }
}

2026-09-17T15:05:13.004416+00:00 - ERROR: https://rodrigosimoes97.github.io/Pin/stop-overcomplicating-the-burden-of-weight-bias-what-works.html - HTTP 403: {
  "error": {
    "code": 403,
    "message": "Permission denied. Failed to verify the URL ownership.",
    "status": "PERMISSION_DENIED"
  }
}

2026-09-17T15:05:26.301509+00:00 - ERROR: https://rodrigosimoes97.github.io/Pin/yoga-and-mobility-for-busy-people.html - HTTP 403: {
  "error": {
    "code": 403,
    "message": "Permission denied. Failed to verify the URL ownership.",
    "status": "PERMISSION_DENIED"
  }
}

2026-09-17T15:05:38.316888+00:00 - ERROR: https://rodrigosimoes97.github.io/Pin/how-i-finally-made-home-workouts-stick.html - HTTP 403: {
  "error": {
    "code": 403,
    "message": "Permission denied. Failed to verify the URL ownership.",
    "status": "PERMISSION_DENIED"
  }
}

