2026-04-10T15:41:54.277530+00:00 - Published: mindful-eating-boost-digestion-gut-health.html (info)
2026-04-10T15:43:55.675202+00:00 - Published: biohacking-beginners-health-energy.html (offer)
2026-04-10T15:48:08.645225+00:00 - Published: intermittent-fasting-weight-loss-beginner-guide.html (info)
2026-04-13T11:46:06.194023+00:00 - Published: mastering-stress-mindfulness-techniques-modern-life.html (info)
2026-04-13T11:47:08.078210+00:00 - Published: unlock-healthier-weight-easy-habits.html (info)
2026-04-13T11:47:53.071454+00:00 - Published: vitamin-b1-health-boost-theory.html (info)
2026-04-13T11:48:47.600421+00:00 - Published: baby-fat-big-problems-early-weight-gain-future-health.html (info)
2026-04-14T11:34:46.920986+00:00 - Published: biohacking-your-sleep-optimize-rest-for-peak-performance.html (offer)
2026-04-14T11:35:21.603281+00:00 - Published: weighty-issues-obesity-differences.html (info)
2026-04-16T11:35:10.067648+00:00 - Published: boost-your-morning-energy-focus-hacks.html (info)
2026-04-17T11:16:34.033257+00:00 - Published: intermittent-fasting-women-guide.html (info)
2026-04-17T11:17:56.751509+00:00 - Published: sparkling-water-weight-loss-metabolism-myth.html (offer)
2026-04-20T11:46:13.730435+00:00 - Published: biohacking-sleep-guide.html (info)
2026-04-20T11:48:15.893620+00:00 - Published: unlock-brain-power-olive-oil-secret.html (info)
2026-04-20T11:50:43.483966+00:00 - Published: beyond-calories-real-reason-bread-weight-gain.html (info)
2026-04-21T11:36:05.023079+00:00 - Published: unlock-better-sleep-natural-tips-deeper-rest-energy.html (offer)
2026-04-21T11:37:49.859024+00:00 - Published: personalized-nutrition-gut-health-custom-blueprint.html (info)
2026-04-21T11:39:46.584718+00:00 - Published: biohacking-longevity-secrets.html (info)
2026-04-21T11:41:34.646507+00:00 - Published: unlock-your-gut-health-probiotics-prebiotics-microbiome.html (info)
2026-04-22T11:35:35.882244+00:00 - Published: unlock-your-health-surprising-benefits-daily-hydration.html (info)
2026-04-22T11:37:35.411289+00:00 - Published: vitamin-d-cancer-shield.html (info)
2026-04-24T11:40:47.166976+00:00 - Published: daily-hydration-benefits.html (info)
